// Jest Snapshot v1, https://goo.gl/fbAQLP

exports[`Pruebas en AppRouter Snapshot 1`] = `
<div>
  <nav
    className="navbar navbar-expand-lg navbar-dark bg-dark"
  >
    <div
      className="container"
    >
      <a
        className="navbar-brand"
        href="/"
        onClick={[Function]}
      >
        React
      </a>
      <button
        aria-controls="navbarNav"
        aria-expanded="false"
        aria-label="Toggle navigation"
        className="navbar-toggler"
        data-target="#navbarNav"
        data-toggle="collapse"
        type="button"
      >
        <span
          className="navbar-toggler-icon"
        />
      </button>
      <div
        className="collapse navbar-collapse"
        id="navbarNav"
      >
        <ul
          className="navbar-nav"
        >
          <li
            className="nav-item"
          >
            <a
              aria-current="page"
              className="nav-link active"
              href="/"
              onClick={[Function]}
              style={Object {}}
            >
              Home
            </a>
          </li>
          <li
            className="nav-item"
          >
            <a
              aria-current={null}
              className="nav-link"
              href="/about"
              onClick={[Function]}
            >
              About
            </a>
          </li>
          <li
            className="nav-item"
          >
            <a
              aria-current={null}
              className="nav-link"
              href="/login"
              onClick={[Function]}
            >
              Login
            </a>
          </li>
        </ul>
      </div>
    </div>
  </nav>
  <div
    className="container"
  >
    <div>
      <h1>
        Home Screen
      </h1>
      <hr />
      <pre>
        {
   "id": 1,
   "name": "Jesus"
}
      </pre>
    </div>
  </div>
</div>
`;
