// Jest Snapshot v1, https://goo.gl/fbAQLP

exports[`Pruebas en HomeScreen Snapshot 1`] = `
<div>
  <h1>
    Home Screen
  </h1>
  <hr />
  <pre>
    {
   "name": "Jesus",
   "email": "Jesusmilano96@gmail.com"
}
  </pre>
</div>
`;
