// Jest Snapshot v1, https://goo.gl/fbAQLP

exports[`Pruebas en el hook app Match component 1`] = `
<div>
  sopa de makako
</div>
`;
