// Jest Snapshot v1, https://goo.gl/fbAQLP

exports[`Pruebas en MultipleCustomHooks Debe de mostrarse correctamente 1`] = `
<div>
  <h1>
    Custom Hooks!!!
  </h1>
  <div
    className="alert alert-info text-center"
  >
    Loading...
  </div>
  <button
    className="btn btn-primary"
    onClick={[Function]}
  >
    Siguiente cita
  </button>
</div>
`;
