// Jest Snapshot v1, https://goo.gl/fbAQLP

exports[`Puebas en RealExampleRef Debe mostrarse correctamente 1`] = `
<div>
  <h1>
    Real example ref
  </h1>
  <hr />
  <button
    className="btn btn-primary mt-4"
    onClick={[Function]}
  >
    Show/Hide
  </button>
</div>
`;
