// Jest Snapshot v1, https://goo.gl/fbAQLP

exports[`Pruebas en TodoListItem Debe de mostrarse correctamente 1`] = `
<li
  className="list-group-item"
>
  <p
    className="no-margin pointer false"
    onClick={[Function]}
  >
    1
     
    Aprende
  </p>
  <button
    className="btn btn-danger"
    onClick={[Function]}
  >
    Borrar
  </button>
</li>
`;
